{
    "documentId":"ABC",
    "organizationId":"20|UW",
    "matchStrength":0.9999995
}
{
    "documentId":"20002AX",
    "organizationId":"20|UW",
    "matchStrength":0.9999995
}
{
    "documentId":"DOC_3",
    "organizationId":"20|UCB",
    "matchStrength":1.0
}
{
    "documentId":"DOC_3",
    "organizationId":"20|ICMUW",
    "matchStrength":0.99997675
}
{
    "documentId":"DOC_4",
    "organizationId":"20|UCB",
    "matchStrength":1.0
}
{
    "documentId":"DOC_6",
    "organizationId":"20|WSU",
    "matchStrength":0.999957
}
{
    "documentId":"DOC_6",
    "organizationId":"20|WSU_DUP",
    "matchStrength":0.999957
}