{"key": "processing.docOrgMatching.docOrgReferences.affiliationBased", "type":"COUNTER", "value": "10"}
{"key": "processing.docOrgMatching.docs.affiliationBased", "type":"COUNTER", "value": "6"}