{"key": "processing.docOrgMatching.docOrgReferences.affiliationBased", "type":"COUNTER", "value": "0"}
{"key": "processing.docOrgMatching.docs.affiliationBased", "type":"COUNTER", "value": "0"}